Logging combinations
From File mode: (1)512hz (2)03khz (3)10khz (4)23khz (5)33khz (6)512_1Hz (7)512_2Hz (8)512_3Hz (9)512_4Hz (10)512_5Hz (11)0Hz (12)256Hz (13)40384Hz
=> Iteration 0 (18) NAA (2) 03khz (3) 10khz (4) 23khz (5) 33khz 
=> Iteration 1 (18) NAA (18) NAA (3) 10khz (4) 23khz (5) 33khz 
=> Iteration 2 (18) NAA (2) 03khz (18) NAA (4) 23khz (5) 33khz 
=> Iteration 3 (18) NAA (2) 03khz (3) 10khz (18) NAA (5) 33khz 
=> Iteration 4 (18) NAA (2) 03khz (3) 10khz (4) 23khz (18) NAA 
=> Iteration 5 (18) NAA (18) NAA (18) NAA (4) 23khz (5) 33khz 
=> Iteration 6 (18) NAA (2) 03khz (18) NAA (18) NAA (5) 33khz 
=> Iteration 7 (18) NAA (2) 03khz (3) 10khz (18) NAA (18) NAA 
=> Iteration 8 (18) NAA (2) 03khz (18) NAA (4) 23khz (18) NAA 
=> Iteration 9 (18) NAA (18) NAA (3) 10khz (18) NAA (5) 33khz 
=> Iteration 10 (18) NAA (18) NAA (18) NAA (18) NAA (5) 33khz 
=> Iteration 11 (18) NAA (2) 03khz (18) NAA (18) NAA (18) NAA 
=> Iteration 12 (18) NAA (18) NAA (3) 10khz (18) NAA (18) NAA 
=> Iteration 13 (18) NAA (18) NAA (18) NAA (4) 23khz (18) NAA 
=> Iteration 14 (18) NAA (18) NAA (18) NAA (18) NAA (5) 33khz 
=> Iteration 15 (18) NAA (18) NAA (18) NAA (18) NAA (18) NAA 
=> Iteration 16 (17) DHO (2) 03khz (3) 10khz (4) 23khz (5) 33khz 
=> Iteration 17 (17) DHO (17) DHO (3) 10khz (4) 23khz (5) 33khz 
=> Iteration 18 (17) DHO (2) 03khz (17) DHO (4) 23khz (5) 33khz 
=> Iteration 19 (17) DHO (2) 03khz (3) 10khz (17) DHO (5) 33khz 
=> Iteration 20 (17) DHO (2) 03khz (3) 10khz (4) 23khz (17) DHO 
=> Iteration 21 (17) DHO (17) DHO (17) DHO (4) 23khz (5) 33khz 
=> Iteration 22 (17) DHO (2) 03khz (17) DHO (17) DHO (5) 33khz 
=> Iteration 23 (17) DHO (2) 03khz (3) 10khz (17) DHO (17) DHO 
=> Iteration 24 (17) DHO (2) 03khz (17) DHO (4) 23khz (17) DHO 
=> Iteration 25 (17) DHO (17) DHO (3) 10khz (17) DHO (5) 33khz 
=> Iteration 26 (17) DHO (17) DHO (17) DHO (17) DHO (5) 33khz 
=> Iteration 27 (17) DHO (2) 03khz (17) DHO (17) DHO (17) DHO 
=> Iteration 28 (17) DHO (17) DHO (3) 10khz (17) DHO (17) DHO 
=> Iteration 29 (17) DHO (17) DHO (17) DHO (4) 23khz (17) DHO 
=> Iteration 30 (17) DHO (17) DHO (17) DHO (17) DHO (5) 33khz 
=> Iteration 31 (17) DHO (17) DHO (17) DHO (17) DHO (17) DHO 
=> Iteration 32 (16) JJI (2) 03khz (3) 10khz (4) 23khz (5) 33khz 
=> Iteration 33 (16) JJI (16) JJI (3) 10khz (4) 23khz (5) 33khz 
=> Iteration 34 (16) JJI (2) 03khz (16) JJI (4) 23khz (5) 33khz 
=> Iteration 35 (16) JJI (2) 03khz (3) 10khz (16) JJI (5) 33khz 
=> Iteration 36 (16) JJI (2) 03khz (3) 10khz (4) 23khz (16) JJI 
=> Iteration 37 (16) JJI (16) JJI (16) JJI (4) 23khz (5) 33khz 
=> Iteration 38 (16) JJI (2) 03khz (16) JJI (16) JJI (5) 33khz 
=> Iteration 39 (16) JJI (2) 03khz (3) 10khz (16) JJI (16) JJI 
=> Iteration 40 (16) JJI (2) 03khz (16) JJI (4) 23khz (16) JJI 
=> Iteration 41 (16) JJI (16) JJI (3) 10khz (16) JJI (5) 33khz 
=> Iteration 42 (16) JJI (16) JJI (16) JJI (16) JJI (5) 33khz 
=> Iteration 43 (16) JJI (2) 03khz (16) JJI (16) JJI (16) JJI 
=> Iteration 44 (16) JJI (16) JJI (3) 10khz (16) JJI (16) JJI 
=> Iteration 45 (16) JJI (16) JJI (16) JJI (4) 23khz (16) JJI 
=> Iteration 46 (16) JJI (16) JJI (16) JJI (16) JJI (5) 33khz 
=> Iteration 47 (16) JJI (16) JJI (16) JJI (16) JJI (16) JJI 
=> Iteration 48 (15) NPM (2) 03khz (3) 10khz (4) 23khz (5) 33khz 
=> Iteration 49 (15) NPM (15) NPM (3) 10khz (4) 23khz (5) 33khz 
=> Iteration 50 (15) NPM (2) 03khz (15) NPM (4) 23khz (5) 33khz 
=> Iteration 51 (15) NPM (2) 03khz (3) 10khz (15) NPM (5) 33khz 
=> Iteration 52 (15) NPM (2) 03khz (3) 10khz (4) 23khz (15) NPM 
=> Iteration 53 (15) NPM (15) NPM (15) NPM (4) 23khz (5) 33khz 
=> Iteration 54 (15) NPM (2) 03khz (15) NPM (15) NPM (5) 33khz 
=> Iteration 55 (15) NPM (2) 03khz (3) 10khz (15) NPM (15) NPM 
=> Iteration 56 (15) NPM (2) 03khz (15) NPM (4) 23khz (15) NPM 
=> Iteration 57 (15) NPM (15) NPM (3) 10khz (15) NPM (5) 33khz 
=> Iteration 58 (15) NPM (15) NPM (15) NPM (15) NPM (5) 33khz 
=> Iteration 59 (15) NPM (2) 03khz (15) NPM (15) NPM (15) NPM 
=> Iteration 60 (15) NPM (15) NPM (3) 10khz (15) NPM (15) NPM 
=> Iteration 61 (15) NPM (15) NPM (15) NPM (4) 23khz (15) NPM 
=> Iteration 62 (15) NPM (15) NPM (15) NPM (15) NPM (5) 33khz 
=> Iteration 63 (15) NPM (15) NPM (15) NPM (15) NPM (15) NPM 
=> Iteration 64 (14) NWC (2) 03khz (3) 10khz (4) 23khz (5) 33khz 
=> Iteration 65 (14) NWC (14) NWC (3) 10khz (4) 23khz (5) 33khz 
=> Iteration 66 (14) NWC (2) 03khz (14) NWC (4) 23khz (5) 33khz 
=> Iteration 67 (14) NWC (2) 03khz (3) 10khz (14) NWC (5) 33khz 
=> Iteration 68 (14) NWC (2) 03khz (3) 10khz (4) 23khz (14) NWC 
=> Iteration 69 (14) NWC (14) NWC (14) NWC (4) 23khz (5) 33khz 
=> Iteration 70 (14) NWC (2) 03khz (14) NWC (14) NWC (5) 33khz 
=> Iteration 71 (14) NWC (2) 03khz (3) 10khz (14) NWC (14) NWC 
=> Iteration 72 (14) NWC (2) 03khz (14) NWC (4) 23khz (14) NWC 
=> Iteration 73 (14) NWC (14) NWC (3) 10khz (14) NWC (5) 33khz 
=> Iteration 74 (14) NWC (14) NWC (14) NWC (14) NWC (5) 33khz 
=> Iteration 75 (14) NWC (2) 03khz (14) NWC (14) NWC (14) NWC 
=> Iteration 76 (14) NWC (14) NWC (3) 10khz (14) NWC (14) NWC 
=> Iteration 77 (14) NWC (14) NWC (14) NWC (4) 23khz (14) NWC 
=> Iteration 78 (14) NWC (14) NWC (14) NWC (14) NWC (5) 33khz 
=> Iteration 79 (14) NWC (14) NWC (14) NWC (14) NWC (14) NWC 
=> Iteration 80 (13) HWU (2) 03khz (3) 10khz (4) 23khz (5) 33khz 
=> Iteration 81 (13) HWU (13) HWU (3) 10khz (4) 23khz (5) 33khz 
=> Iteration 82 (13) HWU (2) 03khz (13) HWU (4) 23khz (5) 33khz 
=> Iteration 83 (13) HWU (2) 03khz (3) 10khz (13) HWU (5) 33khz 
=> Iteration 84 (13) HWU (2) 03khz (3) 10khz (4) 23khz (13) HWU 
=> Iteration 85 (13) HWU (13) HWU (13) HWU (4) 23khz (5) 33khz 
=> Iteration 86 (13) HWU (2) 03khz (13) HWU (13) HWU (5) 33khz 
=> Iteration 87 (13) HWU (2) 03khz (3) 10khz (13) HWU (13) HWU 
=> Iteration 88 (13) HWU (2) 03khz (13) HWU (4) 23khz (13) HWU 
=> Iteration 89 (13) HWU (13) HWU (3) 10khz (13) HWU (5) 33khz 
=> Iteration 90 (13) HWU (13) HWU (13) HWU (13) HWU (5) 33khz 
=> Iteration 91 (13) HWU (2) 03khz (13) HWU (13) HWU (13) HWU 
=> Iteration 92 (13) HWU (13) HWU (3) 10khz (13) HWU (13) HWU 
=> Iteration 93 (13) HWU (13) HWU (13) HWU (4) 23khz (13) HWU 
=> Iteration 94 (13) HWU (13) HWU (13) HWU (13) HWU (5) 33khz 
=> Iteration 95 (13) HWU (13) HWU (13) HWU (13) HWU (13) HWU 